// Jest Snapshot v1, https://goo.gl/fbAQLP

exports[`Home Component Similar articles list 1`] = `ShallowWrapper {}`;
