// Jest Snapshot v1, https://goo.gl/fbAQLP

exports[`<SimilarArticles /> renders <SimilarArticles /> component 1`] = `ShallowWrapper {}`;
