// Jest Snapshot v1, https://goo.gl/fbAQLP

exports[`InputBox Component should match the snapshot 1`] = `ShallowWrapper {}`;

exports[`Test for InputBox Component should match the snapshot 1`] = `ShallowWrapper {}`;
